
Discarded input sections

 .group         0x00000000        0xc Build/main.o
 .text          0x00000000        0x0 Build/main.o
 .data          0x00000000        0x0 Build/main.o
 .bss           0x00000000        0x0 Build/main.o
 .group         0x00000000        0xc Build/startup.o
 .text          0x00000000        0x0 Build/startup.o
 .data          0x00000000        0x0 Build/startup.o
 .bss           0x00000000        0x0 Build/startup.o
 .debug_macro   0x00000000      0xaba Build/startup.o

Memory Configuration

Name             Origin             Length             Attributes
FLASH            0x08000000         0x00010000         xr
RAM              0x20000000         0x00005000         xrw
*default*        0x00000000         0xffffffff

Linker script and memory map

LOAD Build/main.o
LOAD Build/startup.o
                0x20005000                        _estack = (ORIGIN (RAM) + LENGTH (RAM))

.isr_vector     0x08000000       0x40
                0x08000000                        . = ALIGN (0x4)
 *(.isr_vector)
 .isr_vector    0x08000000       0x40 Build/startup.o
                0x08000000                vector_table
                0x08000040                        . = ALIGN (0x4)

.text           0x08000040      0x17c
                0x08000040                        . = ALIGN (0x4)
 *(.text)
 *(.text*)
 .text.gpio_init
                0x08000040       0x78 Build/main.o
 .text.button_pressed
                0x080000b8       0x24 Build/main.o
 .text.led_on   0x080000dc       0x18 Build/main.o
 .text.led_off  0x080000f4       0x18 Build/main.o
 .text.main     0x0800010c       0x4c Build/main.o
                0x0800010c                main
 .text.Reset_Handler
                0x08000158       0x5c Build/startup.o
                0x08000158                Reset_Handler
 .text.Default_Handler
                0x080001b4        0x8 Build/startup.o
                0x080001b4                Default_Handler
 *(.rodata)
 *(.rodata*)
                0x080001bc                        . = ALIGN (0x4)

.glue_7         0x080001bc        0x0
 .glue_7        0x080001bc        0x0 linker stubs

.glue_7t        0x080001bc        0x0
 .glue_7t       0x080001bc        0x0 linker stubs

.vfp11_veneer   0x080001bc        0x0
 .vfp11_veneer  0x080001bc        0x0 linker stubs

.v4_bx          0x080001bc        0x0
 .v4_bx         0x080001bc        0x0 linker stubs

.iplt           0x080001bc        0x0
 .iplt          0x080001bc        0x0 Build/main.o

.rel.dyn        0x080001bc        0x0
 .rel.iplt      0x080001bc        0x0 Build/main.o

.data           0x20000000        0x0 load address 0x080001bc
                0x20000000                        . = ALIGN (0x4)
                0x20000000                        _sdata = .
 *(.data)
 *(.data*)
                0x20000000                        . = ALIGN (0x4)
                0x20000000                        _edata = .
                0x080001bc                        _sidata = LOADADDR (.data)

.igot.plt       0x20000000        0x0 load address 0x080001bc
 .igot.plt      0x20000000        0x0 Build/main.o

.bss            0x20000000        0x0 load address 0x080001bc
                0x20000000                        . = ALIGN (0x4)
                0x20000000                        _sbss = .
 *(.bss)
 *(.bss*)
 *(COMMON)
                0x20000000                        . = ALIGN (0x4)
                0x20000000                        _ebss = .
OUTPUT(Bin/firmware.elf elf32-littlearm)
LOAD linker stubs

.debug_info     0x00000000      0x218
 .debug_info    0x00000000      0x107 Build/main.o
 .debug_info    0x00000107      0x111 Build/startup.o

.debug_abbrev   0x00000000      0x19c
 .debug_abbrev  0x00000000       0xb2 Build/main.o
 .debug_abbrev  0x000000b2       0xea Build/startup.o

.debug_aranges  0x00000000       0x68
 .debug_aranges
                0x00000000       0x40 Build/main.o
 .debug_aranges
                0x00000040       0x28 Build/startup.o

.debug_rnglists
                0x00000000       0x44
 .debug_rnglists
                0x00000000       0x2b Build/main.o
 .debug_rnglists
                0x0000002b       0x19 Build/startup.o

.debug_macro    0x00000000      0xb24
 .debug_macro   0x00000000       0x59 Build/main.o
 .debug_macro   0x00000059      0xaba Build/main.o
 .debug_macro   0x00000b13       0x11 Build/startup.o

.debug_line     0x00000000      0x189
 .debug_line    0x00000000      0x10e Build/main.o
 .debug_line    0x0000010e       0x7b Build/startup.o

.debug_str      0x00000000     0x3114
 .debug_str     0x00000000     0x3114 Build/main.o
                               0x307a (size before relaxing)
 .debug_str     0x00003114     0x2e54 Build/startup.o

.comment        0x00000000       0x26
 .comment       0x00000000       0x26 Build/main.o
                                 0x27 (size before relaxing)
 .comment       0x00000026       0x27 Build/startup.o

.ARM.attributes
                0x00000000       0x2d
 .ARM.attributes
                0x00000000       0x2d Build/main.o
 .ARM.attributes
                0x0000002d       0x2d Build/startup.o

.debug_frame    0x00000000       0xf4
 .debug_frame   0x00000000       0xac Build/main.o
 .debug_frame   0x000000ac       0x48 Build/startup.o
